python : D:\CHRIST\se
mester3\research proj
ect\ResumXpert\backen
d\app.py:3: 
FutureWarning: 
At line:1 char:1
+ python tests/test_b
ackend_new.py > 
test_output.txt 2>&1
+ ~~~~~~~~~~~~~~~~~~~
~~~~~~~~~~~~~~~~~~~~~
~~~~~~~~~~~~~~~
    + CategoryInfo   
           : NotSpe  
  cified: (D:\CHRI   
 ST\semes...Futur    
eWarning: :Strin    
g) [], RemoteExc    
eption
    + FullyQualified 
   ErrorId : Native  
  CommandError
 

All support for the `
google.generativeai` 
package has ended. 
It will no longer be 
receiving 
updates or bug 
fixes. Please switch 
to the 
`google.genai` 
package as soon as 
possible.
See README for more 
details:

https://github.com/go
ogle-gemini/deprecate
d-generative-ai-pytho
n/blob/main/README.md

  import 
google.generativeai 
as genai
Warning: You are 
sending 
unauthenticated 
requests to the HF 
Hub. Please set a 
HF_TOKEN to enable 
higher rate limits 
and faster downloads.
Loading Sentence Transformer Model...

Loading weights:   
0%|          | 0/103 
[00:00<?, ?it/s]
Loading weights:   
1%|          | 1/103 
[00:00<00:00, 
11881.88it/s, 
Materializing param=e
mbeddings.LayerNorm.b
ias]
Loading weights:   
1%|          | 1/103 
[00:00<00:00, 
4206.92it/s, 
Materializing param=e
mbeddings.LayerNorm.b
ias] 
Loading weights:   
2%|1         | 2/103 
[00:00<00:00, 
3512.82it/s, 
Materializing param=e
mbeddings.LayerNorm.w
eight]
Loading weights:   
2%|1         | 2/103 
[00:00<00:00, 
3157.17it/s, 
Materializing param=e
mbeddings.LayerNorm.w
eight]
Loading weights:   
3%|2         | 3/103 
[00:00<00:00, 
4014.97it/s, 
Materializing param=e
mbeddings.position_em
beddings.weight]
Loading weights:   
3%|2         | 3/103 
[00:00<00:00, 
3570.63it/s, 
Materializing param=e
mbeddings.position_em
beddings.weight]
Loading weights:   
4%|3         | 4/103 
[00:00<00:00, 
4147.64it/s, 
Materializing param=e
mbeddings.token_type_
embeddings.weight]
Loading weights:   
4%|3         | 4/103 
[00:00<00:00, 
3928.17it/s, 
Materializing param=e
mbeddings.token_type_
embeddings.weight]
Loading weights:   
5%|4         | 5/103 
[00:00<00:00, 
4457.28it/s, 
Materializing param=e
mbeddings.word_embedd
ings.weight]      
Loading weights:   
5%|4         | 5/103 
[00:00<00:00, 
4299.20it/s, 
Materializing param=e
mbeddings.word_embedd
ings.weight]
Loading weights:   
6%|5         | 6/103 
[00:00<00:00, 
4816.43it/s, 
Materializing param=e
ncoder.layer.0.attent
ion.output.LayerNorm.
bias]
Loading weights:   
6%|5         | 6/103 
[00:00<00:00, 
3029.47it/s, 
Materializing param=e
ncoder.layer.0.attent
ion.output.LayerNorm.
bias]
Loading weights:   
7%|6         | 7/103 
[00:00<00:00, 
2465.79it/s, 
Materializing param=e
ncoder.layer.0.attent
ion.output.LayerNorm.
weight]
Loading weights:   
7%|6         | 7/103 
[00:00<00:00, 
2402.63it/s, 
Materializing param=e
ncoder.layer.0.attent
ion.output.LayerNorm.
weight]
Loading weights:   
8%|7         | 8/103 
[00:00<00:00, 
2644.58it/s, 
Materializing param=e
ncoder.layer.0.attent
ion.output.dense.bias
]      
Loading weights:   
8%|7         | 8/103 
[00:00<00:00, 
2491.97it/s, 
Materializing param=e
ncoder.layer.0.attent
ion.output.dense.bias
]
Loading weights:   
9%|8         | 9/103 
[00:00<00:00, 
2410.98it/s, 
Materializing param=e
ncoder.layer.0.attent
ion.output.dense.weig
ht]
Loading weights:   
9%|8         | 9/103 
[00:00<00:00, 
2216.21it/s, 
Materializing param=e
ncoder.layer.0.attent
ion.output.dense.weig
ht]
Loading weights:  
10%|9         | 
10/103 [00:00<00:00, 
2310.27it/s, 
Materializing param=e
ncoder.layer.0.attent
ion.self.key.bias]   
  
Loading weights:  
10%|9         | 
10/103 [00:00<00:00, 
2262.54it/s, 
Materializing param=e
ncoder.layer.0.attent
ion.self.key.bias]
Loading weights:  
11%|#         | 
11/103 [00:00<00:00, 
2172.60it/s, 
Materializing param=e
ncoder.layer.0.attent
ion.self.key.weight]
Loading weights:  
11%|#         | 
11/103 [00:00<00:00, 
2141.74it/s, 
Materializing param=e
ncoder.layer.0.attent
ion.self.key.weight]
Loading weights:  
12%|#1        | 
12/103 [00:00<00:00, 
2290.51it/s, 
Materializing param=e
ncoder.layer.0.attent
ion.self.query.bias]
Loading weights:  
12%|#1        | 
12/103 [00:00<00:00, 
2214.13it/s, 
Materializing param=e
ncoder.layer.0.attent
ion.self.query.bias]
Loading weights:  
13%|#2        | 
13/103 [00:00<00:00, 
2252.30it/s, 
Materializing param=e
ncoder.layer.0.attent
ion.self.query.weight
]
Loading weights:  
13%|#2        | 
13/103 [00:00<00:00, 
2227.28it/s, 
Materializing param=e
ncoder.layer.0.attent
ion.self.query.weight
]
Loading weights:  
14%|#3        | 
14/103 [00:00<00:00, 
2360.42it/s, 
Materializing param=e
ncoder.layer.0.attent
ion.self.value.bias] 
 
Loading weights:  
14%|#3        | 
14/103 [00:00<00:00, 
2345.25it/s, 
Materializing param=e
ncoder.layer.0.attent
ion.self.value.bias]
Loading weights:  
15%|#4        | 
15/103 [00:00<00:00, 
2433.17it/s, 
Materializing param=e
ncoder.layer.0.attent
ion.self.value.weight
]
Loading weights:  
15%|#4        | 
15/103 [00:00<00:00, 
2413.57it/s, 
Materializing param=e
ncoder.layer.0.attent
ion.self.value.weight
]
Loading weights:  
16%|#5        | 
16/103 [00:00<00:00, 
2521.94it/s, 
Materializing param=e
ncoder.layer.0.interm
ediate.dense.bias]   
 
Loading weights:  
16%|#5        | 
16/103 [00:00<00:00, 
2391.54it/s, 
Materializing param=e
ncoder.layer.0.interm
ediate.dense.bias]
Loading weights:  
17%|#6        | 
17/103 [00:00<00:00, 
2431.98it/s, 
Materializing param=e
ncoder.layer.0.interm
ediate.dense.weight]
Loading weights:  
17%|#6        | 
17/103 [00:00<00:00, 
2344.27it/s, 
Materializing param=e
ncoder.layer.0.interm
ediate.dense.weight]
Loading weights:  
17%|#7        | 
18/103 [00:00<00:00, 
2345.73it/s, 
Materializing param=e
ncoder.layer.0.output
.LayerNorm.bias]    
Loading weights:  
17%|#7        | 
18/103 [00:00<00:00, 
2304.21it/s, 
Materializing param=e
ncoder.layer.0.output
.LayerNorm.bias]
Loading weights:  
18%|#8        | 
19/103 [00:00<00:00, 
2389.63it/s, 
Materializing param=e
ncoder.layer.0.output
.LayerNorm.weight]
Loading weights:  
18%|#8        | 
19/103 [00:00<00:00, 
2376.66it/s, 
Materializing param=e
ncoder.layer.0.output
.LayerNorm.weight]
Loading weights:  
19%|#9        | 
20/103 [00:00<00:00, 
2479.78it/s, 
Materializing param=e
ncoder.layer.0.output
.dense.bias]      
Loading weights:  
19%|#9        | 
20/103 [00:00<00:00, 
2469.63it/s, 
Materializing param=e
ncoder.layer.0.output
.dense.bias]
Loading weights:  
20%|##        | 
21/103 [00:00<00:00, 
2573.72it/s, 
Materializing param=e
ncoder.layer.0.output
.dense.weight]
Loading weights:  
20%|##        | 
21/103 [00:00<00:00, 
2562.86it/s, 
Materializing param=e
ncoder.layer.0.output
.dense.weight]
Loading weights:  
21%|##1       | 
22/103 [00:00<00:00, 
2665.13it/s, 
Materializing param=e
ncoder.layer.1.attent
ion.output.LayerNorm.
bias]
Loading weights:  
21%|##1       | 
22/103 [00:00<00:00, 
2654.16it/s, 
Materializing param=e
ncoder.layer.1.attent
ion.output.LayerNorm.
bias]
Loading weights:  
22%|##2       | 
23/103 [00:00<00:00, 
2753.19it/s, 
Materializing param=e
ncoder.layer.1.attent
ion.output.LayerNorm.
weight]
Loading weights:  
22%|##2       | 
23/103 [00:00<00:00, 
2741.76it/s, 
Materializing param=e
ncoder.layer.1.attent
ion.output.LayerNorm.
weight]
Loading weights:  
23%|##3       | 
24/103 [00:00<00:00, 
2839.67it/s, 
Materializing param=e
ncoder.layer.1.attent
ion.output.dense.bias
]      
Loading weights:  
23%|##3       | 
24/103 [00:00<00:00, 
2828.65it/s, 
Materializing param=e
ncoder.layer.1.attent
ion.output.dense.bias
]
Loading weights:  
24%|##4       | 
25/103 [00:00<00:00, 
2925.55it/s, 
Materializing param=e
ncoder.layer.1.attent
ion.output.dense.weig
ht]
Loading weights:  
24%|##4       | 
25/103 [00:00<00:00, 
2914.33it/s, 
Materializing param=e
ncoder.layer.1.attent
ion.output.dense.weig
ht]
Loading weights:  
25%|##5       | 
26/103 [00:00<00:00, 
2928.04it/s, 
Materializing param=e
ncoder.layer.1.attent
ion.self.key.bias]   
   
Loading weights:  
25%|##5       | 
26/103 [00:00<00:00, 
2911.31it/s, 
Materializing param=e
ncoder.layer.1.attent
ion.self.key.bias]
Loading weights:  
26%|##6       | 
27/103 [00:00<00:00, 
2999.82it/s, 
Materializing param=e
ncoder.layer.1.attent
ion.self.key.weight]
Loading weights:  
26%|##6       | 
27/103 [00:00<00:00, 
2987.71it/s, 
Materializing param=e
ncoder.layer.1.attent
ion.self.key.weight]
Loading weights:  
27%|##7       | 
28/103 [00:00<00:00, 
3022.46it/s, 
Materializing param=e
ncoder.layer.1.attent
ion.self.query.bias]
Loading weights:  
27%|##7       | 
28/103 [00:00<00:00, 
3007.13it/s, 
Materializing param=e
ncoder.layer.1.attent
ion.self.query.bias]
Loading weights:  
28%|##8       | 
29/103 [00:00<00:00, 
3083.42it/s, 
Materializing param=e
ncoder.layer.1.attent
ion.self.query.weight
]
Loading weights:  
28%|##8       | 
29/103 [00:00<00:00, 
3068.64it/s, 
Materializing param=e
ncoder.layer.1.attent
ion.self.query.weight
]
Loading weights:  
29%|##9       | 
30/103 [00:00<00:00, 
3150.30it/s, 
Materializing param=e
ncoder.layer.1.attent
ion.self.value.bias] 
 
Loading weights:  
29%|##9       | 
30/103 [00:00<00:00, 
3137.02it/s, 
Materializing param=e
ncoder.layer.1.attent
ion.self.value.bias]
Loading weights:  
30%|###       | 
31/103 [00:00<00:00, 
3217.61it/s, 
Materializing param=e
ncoder.layer.1.attent
ion.self.value.weight
]
Loading weights:  
30%|###       | 
31/103 [00:00<00:00, 
3204.99it/s, 
Materializing param=e
ncoder.layer.1.attent
ion.self.value.weight
]
Loading weights:  
31%|###1      | 
32/103 [00:00<00:00, 
3284.82it/s, 
Materializing param=e
ncoder.layer.1.interm
ediate.dense.bias]   
 
Loading weights:  
31%|###1      | 
32/103 [00:00<00:00, 
3272.01it/s, 
Materializing param=e
ncoder.layer.1.interm
ediate.dense.bias]
Loading weights:  
32%|###2      | 
33/103 [00:00<00:00, 
3350.57it/s, 
Materializing param=e
ncoder.layer.1.interm
ediate.dense.weight]
Loading weights:  
32%|###2      | 
33/103 [00:00<00:00, 
3338.21it/s, 
Materializing param=e
ncoder.layer.1.interm
ediate.dense.weight]
Loading weights:  
33%|###3      | 
34/103 [00:00<00:00, 
3415.88it/s, 
Materializing param=e
ncoder.layer.1.output
.LayerNorm.bias]    
Loading weights:  
33%|###3      | 
34/103 [00:00<00:00, 
3403.65it/s, 
Materializing param=e
ncoder.layer.1.output
.LayerNorm.bias]
Loading weights:  
34%|###3      | 
35/103 [00:00<00:00, 
3129.54it/s, 
Materializing param=e
ncoder.layer.1.output
.LayerNorm.weight]
Loading weights:  
34%|###3      | 
35/103 [00:00<00:00, 
3093.21it/s, 
Materializing param=e
ncoder.layer.1.output
.LayerNorm.weight]
Loading weights:  
35%|###4      | 
36/103 [00:00<00:00, 
3142.26it/s, 
Materializing param=e
ncoder.layer.1.output
.dense.bias]      
Loading weights:  
35%|###4      | 
36/103 [00:00<00:00, 
3040.82it/s, 
Materializing param=e
ncoder.layer.1.output
.dense.bias]
Loading weights:  
36%|###5      | 
37/103 [00:00<00:00, 
3089.82it/s, 
Materializing param=e
ncoder.layer.1.output
.dense.weight]
Loading weights:  
36%|###5      | 
37/103 [00:00<00:00, 
3044.18it/s, 
Materializing param=e
ncoder.layer.1.output
.dense.weight]
Loading weights:  
37%|###6      | 
38/103 [00:00<00:00, 
2905.38it/s, 
Materializing param=e
ncoder.layer.2.attent
ion.output.LayerNorm.
bias]
Loading weights:  
37%|###6      | 
38/103 [00:00<00:00, 
2884.67it/s, 
Materializing param=e
ncoder.layer.2.attent
ion.output.LayerNorm.
bias]
Loading weights:  
38%|###7      | 
39/103 [00:00<00:00, 
2924.58it/s, 
Materializing param=e
ncoder.layer.2.attent
ion.output.LayerNorm.
weight]
Loading weights:  
38%|###7      | 
39/103 [00:00<00:00, 
2910.07it/s, 
Materializing param=e
ncoder.layer.2.attent
ion.output.LayerNorm.
weight]
Loading weights:  
39%|###8      | 
40/103 [00:00<00:00, 
2963.81it/s, 
Materializing param=e
ncoder.layer.2.attent
ion.output.dense.bias
]      
Loading weights:  
39%|###8      | 
40/103 [00:00<00:00, 
2954.15it/s, 
Materializing param=e
ncoder.layer.2.attent
ion.output.dense.bias
]
Loading weights:  
40%|###9      | 
41/103 [00:00<00:00, 
3010.30it/s, 
Materializing param=e
ncoder.layer.2.attent
ion.output.dense.weig
ht]
Loading weights:  
40%|###9      | 
41/103 [00:00<00:00, 
3001.32it/s, 
Materializing param=e
ncoder.layer.2.attent
ion.output.dense.weig
ht]
Loading weights:  
41%|####      | 
42/103 [00:00<00:00, 
3057.87it/s, 
Materializing param=e
ncoder.layer.2.attent
ion.self.key.bias]   
   
Loading weights:  
41%|####      | 
42/103 [00:00<00:00, 
3049.35it/s, 
Materializing param=e
ncoder.layer.2.attent
ion.self.key.bias]
Loading weights:  
42%|####1     | 
43/103 [00:00<00:00, 
3105.23it/s, 
Materializing param=e
ncoder.layer.2.attent
ion.self.key.weight]
Loading weights:  
42%|####1     | 
43/103 [00:00<00:00, 
3096.33it/s, 
Materializing param=e
ncoder.layer.2.attent
ion.self.key.weight]
Loading weights:  
43%|####2     | 
44/103 [00:00<00:00, 
3152.32it/s, 
Materializing param=e
ncoder.layer.2.attent
ion.self.query.bias]
Loading weights:  
43%|####2     | 
44/103 [00:00<00:00, 
3143.73it/s, 
Materializing param=e
ncoder.layer.2.attent
ion.self.query.bias]
Loading weights:  
44%|####3     | 
45/103 [00:00<00:00, 
3199.26it/s, 
Materializing param=e
ncoder.layer.2.attent
ion.self.query.weight
]
Loading weights:  
44%|####3     | 
45/103 [00:00<00:00, 
3190.72it/s, 
Materializing param=e
ncoder.layer.2.attent
ion.self.query.weight
]
Loading weights:  
45%|####4     | 
46/103 [00:00<00:00, 
3244.78it/s, 
Materializing param=e
ncoder.layer.2.attent
ion.self.value.bias] 
 
Loading weights:  
45%|####4     | 
46/103 [00:00<00:00, 
3230.76it/s, 
Materializing param=e
ncoder.layer.2.attent
ion.self.value.bias]
Loading weights:  
46%|####5     | 
47/103 [00:00<00:00, 
3264.27it/s, 
Materializing param=e
ncoder.layer.2.attent
ion.self.value.weight
]
Loading weights:  
46%|####5     | 
47/103 [00:00<00:00, 
3247.17it/s, 
Materializing param=e
ncoder.layer.2.attent
ion.self.value.weight
]
Loading weights:  
47%|####6     | 
48/103 [00:00<00:00, 
3293.09it/s, 
Materializing param=e
ncoder.layer.2.interm
ediate.dense.bias]   
 
Loading weights:  
47%|####6     | 
48/103 [00:00<00:00, 
3279.09it/s, 
Materializing param=e
ncoder.layer.2.interm
ediate.dense.bias]
Loading weights:  
48%|####7     | 
49/103 [00:00<00:00, 
3319.73it/s, 
Materializing param=e
ncoder.layer.2.interm
ediate.dense.weight]
Loading weights:  
48%|####7     | 
49/103 [00:00<00:00, 
3308.56it/s, 
Materializing param=e
ncoder.layer.2.interm
ediate.dense.weight]
Loading weights:  
49%|####8     | 
50/103 [00:00<00:00, 
3358.18it/s, 
Materializing param=e
ncoder.layer.2.output
.LayerNorm.bias]    
Loading weights:  
49%|####8     | 
50/103 [00:00<00:00, 
3349.12it/s, 
Materializing param=e
ncoder.layer.2.output
.LayerNorm.bias]
Loading weights:  
50%|####9     | 
51/103 [00:00<00:00, 
3399.22it/s, 
Materializing param=e
ncoder.layer.2.output
.LayerNorm.weight]
Loading weights:  
50%|####9     | 
51/103 [00:00<00:00, 
3390.38it/s, 
Materializing param=e
ncoder.layer.2.output
.LayerNorm.weight]
Loading weights:  
50%|#####     | 
52/103 [00:00<00:00, 
3439.80it/s, 
Materializing param=e
ncoder.layer.2.output
.dense.bias]      
Loading weights:  
50%|#####     | 
52/103 [00:00<00:00, 
3426.93it/s, 
Materializing param=e
ncoder.layer.2.output
.dense.bias]
Loading weights:  
51%|#####1    | 
53/103 [00:00<00:00, 
3472.43it/s, 
Materializing param=e
ncoder.layer.2.output
.dense.weight]
Loading weights:  
51%|#####1    | 
53/103 [00:00<00:00, 
3461.19it/s, 
Materializing param=e
ncoder.layer.2.output
.dense.weight]
Loading weights:  
52%|#####2    | 
54/103 [00:00<00:00, 
3503.53it/s, 
Materializing param=e
ncoder.layer.3.attent
ion.output.LayerNorm.
bias]
Loading weights:  
52%|#####2    | 
54/103 [00:00<00:00, 
3491.86it/s, 
Materializing param=e
ncoder.layer.3.attent
ion.output.LayerNorm.
bias]
Loading weights:  
53%|#####3    | 
55/103 [00:00<00:00, 
3536.46it/s, 
Materializing param=e
ncoder.layer.3.attent
ion.output.LayerNorm.
weight]
Loading weights:  
53%|#####3    | 
55/103 [00:00<00:00, 
3525.27it/s, 
Materializing param=e
ncoder.layer.3.attent
ion.output.LayerNorm.
weight]
Loading weights:  
54%|#####4    | 
56/103 [00:00<00:00, 
3570.81it/s, 
Materializing param=e
ncoder.layer.3.attent
ion.output.dense.bias
]      
Loading weights:  
54%|#####4    | 
56/103 [00:00<00:00, 
3559.67it/s, 
Materializing param=e
ncoder.layer.3.attent
ion.output.dense.bias
]
Loading weights:  
55%|#####5    | 
57/103 [00:00<00:00, 
3604.44it/s, 
Materializing param=e
ncoder.layer.3.attent
ion.output.dense.weig
ht]
Loading weights:  
55%|#####5    | 
57/103 [00:00<00:00, 
3593.23it/s, 
Materializing param=e
ncoder.layer.3.attent
ion.output.dense.weig
ht]
Loading weights:  
56%|#####6    | 
58/103 [00:00<00:00, 
3635.56it/s, 
Materializing param=e
ncoder.layer.3.attent
ion.self.key.bias]   
   
Loading weights:  
56%|#####6    | 
58/103 [00:00<00:00, 
3624.24it/s, 
Materializing param=e
ncoder.layer.3.attent
ion.self.key.bias]
Loading weights:  
57%|#####7    | 
59/103 [00:00<00:00, 
3667.16it/s, 
Materializing param=e
ncoder.layer.3.attent
ion.self.key.weight]
Loading weights:  
57%|#####7    | 
59/103 [00:00<00:00, 
3655.95it/s, 
Materializing param=e
ncoder.layer.3.attent
ion.self.key.weight]
Loading weights:  
58%|#####8    | 
60/103 [00:00<00:00, 
3698.79it/s, 
Materializing param=e
ncoder.layer.3.attent
ion.self.query.bias]
Loading weights:  
58%|#####8    | 
60/103 [00:00<00:00, 
3687.68it/s, 
Materializing param=e
ncoder.layer.3.attent
ion.self.query.bias]
Loading weights:  
59%|#####9    | 
61/103 [00:00<00:00, 
3729.57it/s, 
Materializing param=e
ncoder.layer.3.attent
ion.self.query.weight
]
Loading weights:  
59%|#####9    | 
61/103 [00:00<00:00, 
3718.46it/s, 
Materializing param=e
ncoder.layer.3.attent
ion.self.query.weight
]
Loading weights:  
60%|######    | 
62/103 [00:00<00:00, 
3760.73it/s, 
Materializing param=e
ncoder.layer.3.attent
ion.self.value.bias] 
 
Loading weights:  
60%|######    | 
62/103 [00:00<00:00, 
3749.94it/s, 
Materializing param=e
ncoder.layer.3.attent
ion.self.value.bias]
Loading weights:  
61%|######1   | 
63/103 [00:00<00:00, 
3790.58it/s, 
Materializing param=e
ncoder.layer.3.attent
ion.self.value.weight
]
Loading weights:  
61%|######1   | 
63/103 [00:00<00:00, 
3779.46it/s, 
Materializing param=e
ncoder.layer.3.attent
ion.self.value.weight
]
Loading weights:  
62%|######2   | 
64/103 [00:00<00:00, 
3820.49it/s, 
Materializing param=e
ncoder.layer.3.interm
ediate.dense.bias]   
 
Loading weights:  
62%|######2   | 
64/103 [00:00<00:00, 
3809.65it/s, 
Materializing param=e
ncoder.layer.3.interm
ediate.dense.bias]
Loading weights:  
63%|######3   | 
65/103 [00:00<00:00, 
3850.65it/s, 
Materializing param=e
ncoder.layer.3.interm
ediate.dense.weight]
Loading weights:  
63%|######3   | 
65/103 [00:00<00:00, 
3840.99it/s, 
Materializing param=e
ncoder.layer.3.interm
ediate.dense.weight]
Loading weights:  
64%|######4   | 
66/103 [00:00<00:00, 
3879.64it/s, 
Materializing param=e
ncoder.layer.3.output
.LayerNorm.bias]    
Loading weights:  
64%|######4   | 
66/103 [00:00<00:00, 
3868.31it/s, 
Materializing param=e
ncoder.layer.3.output
.LayerNorm.bias]
Loading weights:  
65%|######5   | 
67/103 [00:00<00:00, 
3905.31it/s, 
Materializing param=e
ncoder.layer.3.output
.LayerNorm.weight]
Loading weights:  
65%|######5   | 
67/103 [00:00<00:00, 
3895.57it/s, 
Materializing param=e
ncoder.layer.3.output
.LayerNorm.weight]
Loading weights:  
66%|######6   | 
68/103 [00:00<00:00, 
3933.48it/s, 
Materializing param=e
ncoder.layer.3.output
.dense.bias]      
Loading weights:  
66%|######6   | 
68/103 [00:00<00:00, 
3921.15it/s, 
Materializing param=e
ncoder.layer.3.output
.dense.bias]
Loading weights:  
67%|######6   | 
69/103 [00:00<00:00, 
3956.35it/s, 
Materializing param=e
ncoder.layer.3.output
.dense.weight]
Loading weights:  
67%|######6   | 
69/103 [00:00<00:00, 
3947.07it/s, 
Materializing param=e
ncoder.layer.3.output
.dense.weight]
Loading weights:  
68%|######7   | 
70/103 [00:00<00:00, 
3984.55it/s, 
Materializing param=e
ncoder.layer.4.attent
ion.output.LayerNorm.
bias]
Loading weights:  
68%|######7   | 
70/103 [00:00<00:00, 
3971.45it/s, 
Materializing param=e
ncoder.layer.4.attent
ion.output.LayerNorm.
bias]
Loading weights:  
69%|######8   | 
71/103 [00:00<00:00, 
4006.88it/s, 
Materializing param=e
ncoder.layer.4.attent
ion.output.LayerNorm.
weight]
Loading weights:  
69%|######8   | 
71/103 [00:00<00:00, 
3997.58it/s, 
Materializing param=e
ncoder.layer.4.attent
ion.output.LayerNorm.
weight]
Loading weights:  
70%|######9   | 
72/103 [00:00<00:00, 
4033.58it/s, 
Materializing param=e
ncoder.layer.4.attent
ion.output.dense.bias
]      
Loading weights:  
70%|######9   | 
72/103 [00:00<00:00, 
4024.28it/s, 
Materializing param=e
ncoder.layer.4.attent
ion.output.dense.bias
]
Loading weights:  
71%|#######   | 
73/103 [00:00<00:00, 
4059.67it/s, 
Materializing param=e
ncoder.layer.4.attent
ion.output.dense.weig
ht]
Loading weights:  
71%|#######   | 
73/103 [00:00<00:00, 
4050.38it/s, 
Materializing param=e
ncoder.layer.4.attent
ion.output.dense.weig
ht]
Loading weights:  
72%|#######1  | 
74/103 [00:00<00:00, 
4086.02it/s, 
Materializing param=e
ncoder.layer.4.attent
ion.self.key.bias]   
   
Loading weights:  
72%|#######1  | 
74/103 [00:00<00:00, 
4076.79it/s, 
Materializing param=e
ncoder.layer.4.attent
ion.self.key.bias]
Loading weights:  
73%|#######2  | 
75/103 [00:00<00:00, 
4111.85it/s, 
Materializing param=e
ncoder.layer.4.attent
ion.self.key.weight]
Loading weights:  
73%|#######2  | 
75/103 [00:00<00:00, 
4102.95it/s, 
Materializing param=e
ncoder.layer.4.attent
ion.self.key.weight]
Loading weights:  
74%|#######3  | 
76/103 [00:00<00:00, 
4137.20it/s, 
Materializing param=e
ncoder.layer.4.attent
ion.self.query.bias]
Loading weights:  
74%|#######3  | 
76/103 [00:00<00:00, 
4126.22it/s, 
Materializing param=e
ncoder.layer.4.attent
ion.self.query.bias]
Loading weights:  
75%|#######4  | 
77/103 [00:00<00:00, 
4160.10it/s, 
Materializing param=e
ncoder.layer.4.attent
ion.self.query.weight
]
Loading weights:  
75%|#######4  | 
77/103 [00:00<00:00, 
4151.01it/s, 
Materializing param=e
ncoder.layer.4.attent
ion.self.query.weight
]
Loading weights:  
76%|#######5  | 
78/103 [00:00<00:00, 
4185.18it/s, 
Materializing param=e
ncoder.layer.4.attent
ion.self.value.bias] 
 
Loading weights:  
76%|#######5  | 
78/103 [00:00<00:00, 
4176.42it/s, 
Materializing param=e
ncoder.layer.4.attent
ion.self.value.bias]
Loading weights:  
77%|#######6  | 
79/103 [00:00<00:00, 
4210.13it/s, 
Materializing param=e
ncoder.layer.4.attent
ion.self.value.weight
]
Loading weights:  
77%|#######6  | 
79/103 [00:00<00:00, 
4200.90it/s, 
Materializing param=e
ncoder.layer.4.attent
ion.self.value.weight
]
Loading weights:  
78%|#######7  | 
80/103 [00:00<00:00, 
4234.05it/s, 
Materializing param=e
ncoder.layer.4.interm
ediate.dense.bias]   
 
Loading weights:  
78%|#######7  | 
80/103 [00:00<00:00, 
4225.09it/s, 
Materializing param=e
ncoder.layer.4.interm
ediate.dense.bias]
Loading weights:  
79%|#######8  | 
81/103 [00:00<00:00, 
4258.39it/s, 
Materializing param=e
ncoder.layer.4.interm
ediate.dense.weight]
Loading weights:  
79%|#######8  | 
81/103 [00:00<00:00, 
4249.76it/s, 
Materializing param=e
ncoder.layer.4.interm
ediate.dense.weight]
Loading weights:  
80%|#######9  | 
82/103 [00:00<00:00, 
4283.15it/s, 
Materializing param=e
ncoder.layer.4.output
.LayerNorm.bias]    
Loading weights:  
80%|#######9  | 
82/103 [00:00<00:00, 
4274.37it/s, 
Materializing param=e
ncoder.layer.4.output
.LayerNorm.bias]
Loading weights:  
81%|########  | 
83/103 [00:00<00:00, 
4306.69it/s, 
Materializing param=e
ncoder.layer.4.output
.LayerNorm.weight]
Loading weights:  
81%|########  | 
83/103 [00:00<00:00, 
4297.92it/s, 
Materializing param=e
ncoder.layer.4.output
.LayerNorm.weight]
Loading weights:  
82%|########1 | 
84/103 [00:00<00:00, 
4327.90it/s, 
Materializing param=e
ncoder.layer.4.output
.dense.bias]      
Loading weights:  
82%|########1 | 
84/103 [00:00<00:00, 
4318.25it/s, 
Materializing param=e
ncoder.layer.4.output
.dense.bias]
Loading weights:  
83%|########2 | 
85/103 [00:00<00:00, 
4349.88it/s, 
Materializing param=e
ncoder.layer.4.output
.dense.weight]
Loading weights:  
83%|########2 | 
85/103 [00:00<00:00, 
4340.93it/s, 
Materializing param=e
ncoder.layer.4.output
.dense.weight]
Loading weights:  
83%|########3 | 
86/103 [00:00<00:00, 
4371.87it/s, 
Materializing param=e
ncoder.layer.5.attent
ion.output.LayerNorm.
bias]
Loading weights:  
83%|########3 | 
86/103 [00:00<00:00, 
4362.78it/s, 
Materializing param=e
ncoder.layer.5.attent
ion.output.LayerNorm.
bias]
Loading weights:  
84%|########4 | 
87/103 [00:00<00:00, 
4392.36it/s, 
Materializing param=e
ncoder.layer.5.attent
ion.output.LayerNorm.
weight]
Loading weights:  
84%|########4 | 
87/103 [00:00<00:00, 
4380.87it/s, 
Materializing param=e
ncoder.layer.5.attent
ion.output.LayerNorm.
weight]
Loading weights:  
85%|########5 | 
88/103 [00:00<00:00, 
4412.31it/s, 
Materializing param=e
ncoder.layer.5.attent
ion.output.dense.bias
]      
Loading weights:  
85%|########5 | 
88/103 [00:00<00:00, 
4403.10it/s, 
Materializing param=e
ncoder.layer.5.attent
ion.output.dense.bias
]
Loading weights:  
86%|########6 | 
89/103 [00:00<00:00, 
4433.25it/s, 
Materializing param=e
ncoder.layer.5.attent
ion.output.dense.weig
ht]
Loading weights:  
86%|########6 | 
89/103 [00:00<00:00, 
4422.43it/s, 
Materializing param=e
ncoder.layer.5.attent
ion.output.dense.weig
ht]
Loading weights:  
87%|########7 | 
90/103 [00:00<00:00, 
4451.97it/s, 
Materializing param=e
ncoder.layer.5.attent
ion.self.key.bias]   
   
Loading weights:  
87%|########7 | 
90/103 [00:00<00:00, 
4442.70it/s, 
Materializing param=e
ncoder.layer.5.attent
ion.self.key.bias]
Loading weights:  
88%|########8 | 
91/103 [00:00<00:00, 
4472.33it/s, 
Materializing param=e
ncoder.layer.5.attent
ion.self.key.weight]
Loading weights:  
88%|########8 | 
91/103 [00:00<00:00, 
4463.75it/s, 
Materializing param=e
ncoder.layer.5.attent
ion.self.key.weight]
Loading weights:  
89%|########9 | 
92/103 [00:00<00:00, 
4493.57it/s, 
Materializing param=e
ncoder.layer.5.attent
ion.self.query.bias]
Loading weights:  
89%|########9 | 
92/103 [00:00<00:00, 
4484.79it/s, 
Materializing param=e
ncoder.layer.5.attent
ion.self.query.bias]
Loading weights:  
90%|######### | 
93/103 [00:00<00:00, 
4514.44it/s, 
Materializing param=e
ncoder.layer.5.attent
ion.self.query.weight
]
Loading weights:  
90%|######### | 
93/103 [00:00<00:00, 
4505.78it/s, 
Materializing param=e
ncoder.layer.5.attent
ion.self.query.weight
]
Loading weights:  
91%|#########1| 
94/103 [00:00<00:00, 
4534.54it/s, 
Materializing param=e
ncoder.layer.5.attent
ion.self.value.bias] 
 
Loading weights:  
91%|#########1| 
94/103 [00:00<00:00, 
4525.74it/s, 
Materializing param=e
ncoder.layer.5.attent
ion.self.value.bias]
Loading weights:  
92%|#########2| 
95/103 [00:00<00:00, 
4554.18it/s, 
Materializing param=e
ncoder.layer.5.attent
ion.self.value.weight
]
Loading weights:  
92%|#########2| 
95/103 [00:00<00:00, 
4543.28it/s, 
Materializing param=e
ncoder.layer.5.attent
ion.self.value.weight
]
Loading weights:  
93%|#########3| 
96/103 [00:00<00:00, 
4571.14it/s, 
Materializing param=e
ncoder.layer.5.interm
ediate.dense.bias]   
 
Loading weights:  
93%|#########3| 
96/103 [00:00<00:00, 
4561.82it/s, 
Materializing param=e
ncoder.layer.5.interm
ediate.dense.bias]
Loading weights:  
94%|#########4| 
97/103 [00:00<00:00, 
4588.59it/s, 
Materializing param=e
ncoder.layer.5.interm
ediate.dense.weight]
Loading weights:  
94%|#########4| 
97/103 [00:00<00:00, 
4579.24it/s, 
Materializing param=e
ncoder.layer.5.interm
ediate.dense.weight]
Loading weights:  
95%|#########5| 
98/103 [00:00<00:00, 
4607.16it/s, 
Materializing param=e
ncoder.layer.5.output
.LayerNorm.bias]    
Loading weights:  
95%|#########5| 
98/103 [00:00<00:00, 
4598.61it/s, 
Materializing param=e
ncoder.layer.5.output
.LayerNorm.bias]
Loading weights:  
96%|#########6| 
99/103 [00:00<00:00, 
4626.74it/s, 
Materializing param=e
ncoder.layer.5.output
.LayerNorm.weight]
Loading weights:  
96%|#########6| 
99/103 [00:00<00:00, 
4618.35it/s, 
Materializing param=e
ncoder.layer.5.output
.LayerNorm.weight]
Loading weights:  
97%|#########7| 
100/103 
[00:00<00:00, 
4646.14it/s, 
Materializing param=e
ncoder.layer.5.output
.dense.bias]     
Loading weights:  
97%|#########7| 
100/103 
[00:00<00:00, 
4637.46it/s, 
Materializing param=e
ncoder.layer.5.output
.dense.bias]
Loading weights:  
98%|#########8| 
101/103 
[00:00<00:00, 
4665.21it/s, 
Materializing param=e
ncoder.layer.5.output
.dense.weight]
Loading weights:  
98%|#########8| 
101/103 
[00:00<00:00, 
4656.70it/s, 
Materializing param=e
ncoder.layer.5.output
.dense.weight]
Loading weights:  
99%|#########9| 
102/103 
[00:00<00:00, 
4684.47it/s, 
Materializing param=p
ooler.dense.bias]    
              
Loading weights:  
99%|#########9| 
102/103 
[00:00<00:00, 
4676.49it/s, 
Materializing param=p
ooler.dense.bias]
Loading weights: 
100%|##########| 
103/103 
[00:00<00:00, 
4619.77it/s, 
Materializing param=p
ooler.dense.weight]
Loading weights: 
100%|##########| 
103/103 
[00:00<00:00, 
4604.46it/s, 
Materializing param=p
ooler.dense.weight]
Loading weights: 
100%|##########| 
103/103 
[00:00<00:00, 
4578.79it/s, 
Materializing param=p
ooler.dense.weight]
BertModel LOAD 
REPORT from: sentence
-transformers/all-Min
iLM-L6-v2
Key                  
   | Status     |  | 
---------------------
---+------------+--+-
embeddings.position_i
ds | UNEXPECTED |  | 

Notes:
- UNEXPECTED	:can be 
ignored when loading 
from different 
task/architecture; 
not ok if you expect 
identical arch.
Traceback (most 
recent call last):
  File "D:\CHRIST\sem
ester3\research proje
ct\ResumXpert\backend
\app.py", line 283, 
in analyze_seeker
    final_courses.app
end(fetch_udemy_cours
es(topic))
                     
    
^^^^^^^^^^^^^^^^^^^
NameError: name 'fetc
h_udemy_courses' is 
not defined
FTraceback (most 
recent call last):
  File "D:\CHRIST\sem
ester3\research proje
ct\ResumXpert\backend
\app.py", line 283, 
in analyze_seeker
    final_courses.app
end(fetch_udemy_cours
es(topic))
                     
    
^^^^^^^^^^^^^^^^^^^
NameError: name 'fetc
h_udemy_courses' is 
not defined
F
=====================
=====================
=====================
=======
FAIL: test_analyze_se
eker_json_extension (
__main__.TestBackendN
ew.test_analyze_seeke
r_json_extension)
---------------------
---------------------
---------------------
-------
Traceback (most 
recent call last):
  File "C:\Python314\
Lib\unittest\mock.py"
, line 1432, in 
patched
    return 
func(*newargs, 
**newkeywargs)
  File "D:\CHRIST\sem
ester3\research proje
ct\ResumXpert\backend
\tests\test_backend_n
ew.py", line 48, in t
est_analyze_seeker_js
on_extension
    self.assertEqual(
response.status_code,
 200)
    ~~~~~~~~~~~~~~~~^
^^^^^^^^^^^^^^^^^^^^^
^^^^^
AssertionError: 500 
!= 200

=====================
=====================
=====================
=======
FAIL: test_analyze_se
eker_pdf_upload (__ma
in__.TestBackendNew.t
est_analyze_seeker_pd
f_upload)
---------------------
---------------------
---------------------
-------
Traceback (most 
recent call last):
  File "C:\Python314\
Lib\unittest\mock.py"
, line 1432, in 
patched
    return 
func(*newargs, 
**newkeywargs)
  File "D:\CHRIST\sem
ester3\research proje
ct\ResumXpert\backend
\tests\test_backend_n
ew.py", line 92, in t
est_analyze_seeker_pd
f_upload
    self.assertEqual(
response.status_code,
 200)
    ~~~~~~~~~~~~~~~~^
^^^^^^^^^^^^^^^^^^^^^
^^^^^
AssertionError: 500 
!= 200

---------------------
---------------------
---------------------
-------
Ran 2 tests in 0.016s

FAILED (failures=2)
Model Loaded.
Database initialized.
